> # Loading the library 'stats'
> library(stats)
> packageVersion("dplyr")
[1] ‘1.1.4’
> packageVersion("heplots")
[1] ‘1.7.0’
> packageVersion("agricolae")
[1] ‘1.3.7’
> packageVersion("psych")
[1] ‘2.4.6.26’
> packageVersion("lsmeans")
[1] ‘2.30.0’
> packageVersion("stats")
[1] ‘4.3.2’
> # Loading dataset and visualization of descriptive statistics of dependent and independent variables 
> aristocrats_data <- read.table("Aristocrats.dat", header = TRUE)
> names(aristocrats_data) <- c("Combo", "Temp", "NetProfit")
> summary(aristocrats_data)
    Combo                Temp         NetProfit    
 Length:324         Min.   :80.00   Min.   :50.00  
 Class :character   1st Qu.:87.00   1st Qu.:63.00  
 Mode  :character   Median :89.00   Median :67.00  
                    Mean   :89.21   Mean   :66.61  
                    3rd Qu.:91.00   3rd Qu.:70.00  
                    Max.   :97.00   Max.   :80.00  
> # Sample Size
> num_rows <- nrow(aristocrats_data)
> print(num_rows)
[1] 324
> # Assigning Stevens' levels of typology, only 'Combo' is Discreet data here
> aristocrats_data$Combo <- as.factor(aristocrats_data$Combo)
> aristocrats_data$Temp <- as.numeric(aristocrats_data$Temp)
> aristocrats_data$NetProfit <- as.numeric(aristocrats_data$NetProfit)
> # Are 'Combo'(discreet) and 'Temp'(continuous) related?
> etasq(lm(Temp~Combo, data = aristocrats_data), anova = TRUE, partial = FALSE)
Anova Table (Type II tests)

Response: Temp
             eta^2  Sum Sq  Df F value    Pr(>F)    
Combo     0.051656  165.73   3  5.8101 0.0007072 ***
Residuals          3042.58 320                      
---
Signif. codes:  0 ‘***’ 0.001 ‘**’ 0.01 ‘*’ 0.05 ‘.’ 0.1 ‘ ’ 1
> # Catagory Profile for 'Combo'(discreet)
> describeBy(aristocrats_data$NetProfit, aristocrats_data$Combo)

 Descriptive statistics by group 
group: Combo1
   vars   n  mean   sd median trimmed  mad min max range  skew kurtosis   se
X1    1 127 65.68 4.87     66   65.77 4.45  52  78    26 -0.17     0.18 0.43
--------------------------------------------------------------------------------- 
group: Combo2
   vars  n mean   sd median trimmed  mad min max range  skew kurtosis   se
X1    1 30   70 5.36   70.5   70.08 5.19  61  79    18 -0.13    -1.12 0.98
--------------------------------------------------------------------------------- 
group: Combo3
   vars  n  mean   sd median trimmed  mad min max range  skew kurtosis   se
X1    1 27 61.96 4.47     63   62.39 2.97  50  68    18 -1.08     0.28 0.86
--------------------------------------------------------------------------------- 
group: Combo4
   vars   n  mean   sd median trimmed  mad min max range skew kurtosis   se
X1    1 140 67.62 4.06     67   67.49 3.71  56  80    24 0.27     0.32 0.34
> # Analysis of variance (ANOVA) between 'Net Profit'(continuous) and 'Combo'(discreet). Here, Combo 1 is our 'reference group'
> aristocrats_data_anova <- lm(NetProfit~Combo, data = aristocrats_data)
> summary(aristocrats_data_anova)

Call:
lm(formula = NetProfit ~ Combo, data = aristocrats_data)

Residuals:
     Min       1Q   Median       3Q      Max 
-13.6772  -2.6772   0.3228   3.0370  12.3786 

Coefficients:
            Estimate Std. Error t value Pr(>|t|)    
(Intercept)  65.6772     0.4039 162.609  < 2e-16 ***
ComboCombo2   4.3228     0.9240   4.679 4.27e-06 ***
ComboCombo3  -3.7142     0.9646  -3.851 0.000142 ***
ComboCombo4   1.9443     0.5578   3.486 0.000559 ***
---
Signif. codes:  0 ‘***’ 0.001 ‘**’ 0.01 ‘*’ 0.05 ‘.’ 0.1 ‘ ’ 1

Residual standard error: 4.552 on 320 degrees of freedom
Multiple R-squared:  0.1513,	Adjusted R-squared:  0.1433 
F-statistic: 19.01 on 3 and 320 DF,  p-value: 2.272e-11

> # To determine the 'Unique' predictive power of 'Combo'(discreet)
> etasq(aristocrats_data_anova, anova = TRUE, partial = FALSE)
Anova Table (Type II tests)

Response: NetProfit
            eta^2 Sum Sq  Df F value    Pr(>F)    
Combo     0.15126 1181.6   3   19.01 2.272e-11 ***
Residuals         6629.7 320                      
---
Signif. codes:  0 ‘***’ 0.001 ‘**’ 0.01 ‘*’ 0.05 ‘.’ 0.1 ‘ ’ 1
> # To determine the 'Unique' predictive power of 'Temp'(continuous)
> etasq(lm(NetProfit~Temp, data = aristocrats_data), anova = TRUE, partial = FALSE)
Anova Table (Type II tests)

Response: NetProfit
             eta^2 Sum Sq  Df F value    Pr(>F)    
Temp      0.042749  333.9   1   14.38 0.0001784 ***
Residuals          7477.3 322                      
---
Signif. codes:  0 ‘***’ 0.001 ‘**’ 0.01 ‘*’ 0.05 ‘.’ 0.1 ‘ ’ 1
> # A-Posteriori Test (Scheffe Test)
> scheffe.test(aristocrats_data_anova, "Combo", group = TRUE, console = TRUE, main = "Scheffe Test")

Study: Scheffe Test

Scheffe Test for NetProfit 

Mean Square Error  : 20.7177 

Combo,  means

       NetProfit      std   r        se Min Max   Q25  Q50 Q75
Combo1  65.67717 4.871169 127 0.4038954  52  78 63.00 66.0  69
Combo2  70.00000 5.362706  30 0.8310174  61  79 66.25 70.5  74
Combo3  61.96296 4.467674  27 0.8759692  50  68 60.50 63.0  65
Combo4  67.62143 4.056202 140 0.3846863  56  80 65.00 67.0  70

Alpha: 0.05 ; DF Error: 320 
Critical Value of F: 2.632827 

Groups according to probability of means differences and alpha level( 0.05 )

Means with the same letter are not significantly different.

       NetProfit groups
Combo2  70.00000      a
Combo4  67.62143      a
Combo1  65.67717      b
Combo3  61.96296      c
> # Testing Global F p-value
> anova <- lm(NetProfit~Combo+Temp, data = aristocrats_data)
> summary(anova)

Call:
lm(formula = NetProfit ~ Combo + Temp, data = aristocrats_data)

Residuals:
    Min      1Q  Median      3Q     Max 
-13.504  -2.934   0.089   3.053  11.886 

Coefficients:
            Estimate Std. Error t value Pr(>|t|)    
(Intercept) 47.60114    7.28421   6.535 2.52e-10 ***
ComboCombo2  3.87873    0.93384   4.154 4.21e-05 ***
ComboCombo3 -3.52613    0.95988  -3.674  0.00028 ***
ComboCombo4  1.83245    0.55515   3.301  0.00107 ** 
Temp         0.20344    0.08186   2.485  0.01346 *  
---
Signif. codes:  0 ‘***’ 0.001 ‘**’ 0.01 ‘*’ 0.05 ‘.’ 0.1 ‘ ’ 1

Residual standard error: 4.515 on 319 degrees of freedom
Multiple R-squared:  0.1674,	Adjusted R-squared:  0.1569 
F-statistic: 16.03 on 4 and 319 DF,  p-value: 5.666e-12

> etasq(anova, data = aristocrats_data, anova = TRUE, partial = FALSE)
Anova Table (Type II tests)

Response: NetProfit
             eta^2 Sum Sq  Df F value    Pr(>F)    
Combo     0.124637  973.6   3 15.9174 1.143e-09 ***
Temp      0.016122  125.9   1  6.1767   0.01346 *  
Residuals          6503.7 319                      
---
Signif. codes:  0 ‘***’ 0.001 ‘**’ 0.01 ‘*’ 0.05 ‘.’ 0.1 ‘ ’ 1
> # Analysis of Covariance (ANCOVA) between 'Net Profit'(continuous), 'Combo'(discreet) and 'Temp'(continuous)
> etasq(lm(NetProfit~Combo + Temp, data = aristocrats_data), anova = TRUE, partial = FALSE)
Anova Table (Type II tests)

Response: NetProfit
             eta^2 Sum Sq  Df F value    Pr(>F)    
Combo     0.124637  973.6   3 15.9174 1.143e-09 ***
Temp      0.016122  125.9   1  6.1767   0.01346 *  
Residuals          6503.7 319                      
---
Signif. codes:  0 ‘***’ 0.001 ‘**’ 0.01 ‘*’ 0.05 ‘.’ 0.1 ‘ ’ 1
> aristocrats_ancova <- lm(NetProfit~Combo + Temp, data = aristocrats_data)
> lsmeans(aristocrats_ancova, "Combo")
 Combo  lsmean    SE  df lower.CL upper.CL
 Combo1   65.8 0.402 319     65.0     66.5
 Combo2   69.6 0.838 319     68.0     71.3
 Combo3   62.2 0.875 319     60.5     63.9
 Combo4   67.6 0.382 319     66.8     68.3

Confidence level used: 0.95 
> # An estimate of the magnitude of confounding 
> magnitude_estimation <- (0.0427-0.0161)/0.0427
> print(magnitude_estimation)
[1] 0.6229508